// Jest Snapshot v1, https://goo.gl/fbAQLP

exports[`Question should render with default styles 1`] = `
.emotion-0 {
  font-weight: 700;
  margin-bottom: 24px;
  font-size: 24px;
  line-height: 32px;
  font-weight: 400;
}

@media (min-width:480px) {
  .emotion-0 {
    font-size: 28px;
    line-height: 32px;
  }
}

<h2
  class="emotion-0 emotion-1"
>
  What is your name?
</h2>
`;
